../../Middlewares/ST/touchgfx/framework/include/touchgfx/Screen.hpp:107:18:virtual void touchgfx::Screen::afterTransition()	0	static
../../Middlewares/ST/touchgfx/framework/include/touchgfx/Screen.hpp:147:18:virtual void touchgfx::Screen::handleTickEvent()	0	static
../../Middlewares/ST/touchgfx/framework/include/touchgfx/Screen.hpp:157:18:virtual void touchgfx::Screen::handleKeyEvent(uint8_t)	0	static
../../TouchGFX/gui/include/gui/screen3_screen/Screen3View.hpp:11:13:Screen3View::~Screen3View()	0	static
Z:/touch_dest/Projects/gra3_animacja/TouchGFX/gui/src/screen3_screen/Screen3View.cpp:13:6:virtual void Screen3View::tearDownScreen()	0	static
Z:/touch_dest/Projects/gra3_animacja/TouchGFX/gui/src/screen3_screen/Screen3View.cpp:8:6:virtual void Screen3View::setupScreen()	0	static
../../TouchGFX/gui/include/gui/screen3_screen/Screen3View.hpp:11:13:virtual Screen3View::~Screen3View()	8	static
Z:/touch_dest/Projects/gra3_animacja/TouchGFX/gui/src/screen3_screen/Screen3View.cpp:3:1:Screen3View::Screen3View()	8	static
