../../TouchGFX/target/STM32TouchController.hpp:33:7:STM32TouchController::~STM32TouchController()	0	static
../../TouchGFX/target/STM32TouchController.hpp:33:7:virtual STM32TouchController::~STM32TouchController()	8	static
Z:/touch_dest/Projects/gra3_animacja/TouchGFX/target/STM32TouchController.cpp:25:6:virtual void STM32TouchController::init()	8	static
Z:/touch_dest/Projects/gra3_animacja/TouchGFX/target/STM32TouchController.cpp:39:6:virtual bool STM32TouchController::sampleTouch(int32_t&, int32_t&)	32	static
