../../Middlewares/ST/touchgfx/framework/include/touchgfx/hal/HAL.hpp:123:18:virtual void touchgfx::HAL::setDisplayOrientation(touchgfx::DisplayOrientation)	0	static
../../Middlewares/ST/touchgfx/framework/include/touchgfx/hal/HAL.hpp:570:18:virtual bool touchgfx::HAL::sampleKey(uint8_t&)	0	static
../../Middlewares/ST/touchgfx/framework/include/touchgfx/hal/HAL.hpp:760:30:virtual touchgfx::FlashDataReader* touchgfx::HAL::getFlashDataReader() const	0	static
../../Middlewares/ST/touchgfx/framework/include/touchgfx/hal/HAL.hpp:909:18:virtual void touchgfx::HAL::taskDelay(uint16_t)	0	static
../../Middlewares/ST/touchgfx/framework/include/touchgfx/hal/HAL.hpp:936:22:virtual uint16_t touchgfx::HAL::getTFTCurrentLine()	0	static
../../Middlewares/ST/touchgfx/framework/include/touchgfx/hal/HAL.hpp:947:21:virtual touchgfx::DMAType touchgfx::HAL::getDMAType()	0	static
../../Middlewares/ST/touchgfx/framework/include/touchgfx/hal/HAL.hpp:1086:18:virtual void touchgfx::HAL::InvalidateCache()	0	static
../../Middlewares/ST/touchgfx/framework/include/touchgfx/hal/HAL.hpp:1097:18:virtual void touchgfx::HAL::FlushCache()	0	static
Z:/touch_dest/Projects/gra3_animacja/TouchGFX/target/TouchGFXHAL.cpp:122:11:virtual uint16_t* TouchGFXHAL::getTFTFrameBuffer() const	0	static
../../TouchGFX/target/TouchGFXHAL.hpp:31:7:TouchGFXHAL::~TouchGFXHAL()	0	static
Z:/touch_dest/Projects/gra3_animacja/TouchGFX/target/TouchGFXHAL.cpp:99:6:virtual void TouchGFXHAL::taskEntry()	16	static
../../Middlewares/ST/touchgfx/framework/include/touchgfx/hal/HAL.hpp:538:18:virtual void touchgfx::HAL::backPorchExited()	8	static
Z:/touch_dest/Projects/gra3_animacja/TouchGFX/target/TouchGFXHAL.cpp:137:6:virtual void TouchGFXHAL::setTFTFrameBuffer(uint16_t*)	0	static
Z:/touch_dest/Projects/gra3_animacja/TouchGFX/target/TouchGFXHAL.cpp:154:6:virtual void TouchGFXHAL::flushFrameBuffer(const touchgfx::Rect&)	0	static
Z:/touch_dest/Projects/gra3_animacja/TouchGFX/target/TouchGFXHAL.cpp:166:6:virtual bool TouchGFXHAL::blockCopy(void*, const void*, uint32_t)	0	static
Z:/touch_dest/Projects/gra3_animacja/TouchGFX/target/TouchGFXHAL.cpp:175:6:virtual void TouchGFXHAL::configureInterrupts()	0	static
Z:/touch_dest/Projects/gra3_animacja/TouchGFX/target/TouchGFXHAL.cpp:188:6:virtual void TouchGFXHAL::enableInterrupts()	0	static
Z:/touch_dest/Projects/gra3_animacja/TouchGFX/target/TouchGFXHAL.cpp:201:6:virtual void TouchGFXHAL::disableInterrupts()	0	static
Z:/touch_dest/Projects/gra3_animacja/TouchGFX/target/TouchGFXHAL.cpp:232:6:virtual bool TouchGFXHAL::beginFrame()	0	static
Z:/touch_dest/Projects/gra3_animacja/TouchGFX/target/TouchGFXHAL.cpp:238:6:virtual void TouchGFXHAL::endFrame()	8	static
../../TouchGFX/target/TouchGFXHAL.hpp:99:18:virtual void TouchGFXHAL::flushFrameBuffer()	0	static
../../TouchGFX/target/TouchGFXHAL.hpp:31:7:virtual TouchGFXHAL::~TouchGFXHAL()	8	static
../../Middlewares/ST/touchgfx/framework/include/touchgfx/hal/HAL.hpp:281:28:virtual touchgfx::BlitOperations touchgfx::HAL::getBlitCaps()	0	static
../../Middlewares/ST/touchgfx/framework/include/touchgfx/hal/HAL.hpp:1057:18:virtual void touchgfx::HAL::performDisplayOrientationChange()	12	static
Z:/touch_dest/Projects/gra3_animacja/TouchGFX/target/TouchGFXHAL.cpp:226:6:virtual void TouchGFXHAL::setFrameBufferStartAddresses(void*, void*, void*)	8	static
Z:/touch_dest/Projects/gra3_animacja/TouchGFX/target/TouchGFXHAL.cpp:78:6:void TouchGFXHAL::initialize()	16	static
Z:/touch_dest/Projects/gra3_animacja/TouchGFX/target/TouchGFXHAL.cpp:257:10:void DSI_IO_WriteCmd(uint32_t, uint8_t*)	16	static
Z:/touch_dest/Projects/gra3_animacja/TouchGFX/target/TouchGFXHAL.cpp:272:10:void LCD_ReqTear()	24	static
Z:/touch_dest/Projects/gra3_animacja/TouchGFX/target/TouchGFXHAL.cpp:215:6:virtual void TouchGFXHAL::enableLCDControllerInterrupt()	16	static
Z:/touch_dest/Projects/gra3_animacja/TouchGFX/target/TouchGFXHAL.cpp:285:10:void LCD_SetUpdateRegion(int)	16	static
Z:/touch_dest/Projects/gra3_animacja/TouchGFX/target/TouchGFXHAL.cpp:290:10:void LCD_SetUpdateRegionLeft()	16	static
Z:/touch_dest/Projects/gra3_animacja/TouchGFX/target/TouchGFXHAL.cpp:295:10:void LCD_SetUpdateRegionRight()	16	static
Z:/touch_dest/Projects/gra3_animacja/TouchGFX/target/TouchGFXHAL.cpp:300:10:void HAL_DSI_TearingEffectCallback(DSI_HandleTypeDef*)	16	static
Z:/touch_dest/Projects/gra3_animacja/TouchGFX/target/TouchGFXHAL.cpp:336:10:void HAL_DSI_EndOfRefreshCallback(DSI_HandleTypeDef*)	16	static
Z:/touch_dest/Projects/gra3_animacja/TouchGFX/target/TouchGFXHAL.cpp:388:19:long int IdleTaskHook(void*)	8	static
Z:/touch_dest/Projects/gra3_animacja/TouchGFX/target/TouchGFXHAL.cpp:400:1:cpp)	0	static
