Z:/touch_dest/Projects/gra3_animacja/TouchGFX/target/TouchGFXGPIO.cpp:65:6:static void touchgfx::GPIO::set(touchgfx::GPIO::GPIO_ID)	0	static
Z:/touch_dest/Projects/gra3_animacja/TouchGFX/target/TouchGFXGPIO.cpp:95:6:static void touchgfx::GPIO::clear(touchgfx::GPIO::GPIO_ID)	0	static
Z:/touch_dest/Projects/gra3_animacja/TouchGFX/target/TouchGFXGPIO.cpp:125:6:static void touchgfx::GPIO::toggle(touchgfx::GPIO::GPIO_ID)	0	static
Z:/touch_dest/Projects/gra3_animacja/TouchGFX/target/TouchGFXGPIO.cpp:155:6:static bool touchgfx::GPIO::get(touchgfx::GPIO::GPIO_ID)	8	static
Z:/touch_dest/Projects/gra3_animacja/TouchGFX/target/TouchGFXGPIO.cpp:48:6:static void touchgfx::GPIO::init()	16	static
