../../Middlewares/ST/touchgfx/framework/include/touchgfx/hal/HAL.hpp:123:18:virtual void touchgfx::HAL::setDisplayOrientation(touchgfx::DisplayOrientation)	0	static
../../Middlewares/ST/touchgfx/framework/include/touchgfx/hal/HAL.hpp:570:18:virtual bool touchgfx::HAL::sampleKey(uint8_t&)	0	static
../../Middlewares/ST/touchgfx/framework/include/touchgfx/hal/HAL.hpp:760:30:virtual touchgfx::FlashDataReader* touchgfx::HAL::getFlashDataReader() const	0	static
../../Middlewares/ST/touchgfx/framework/include/touchgfx/hal/HAL.hpp:909:18:virtual void touchgfx::HAL::taskDelay(uint16_t)	0	static
../../Middlewares/ST/touchgfx/framework/include/touchgfx/hal/HAL.hpp:936:22:virtual uint16_t touchgfx::HAL::getTFTCurrentLine()	0	static
../../Middlewares/ST/touchgfx/framework/include/touchgfx/hal/HAL.hpp:947:21:virtual touchgfx::DMAType touchgfx::HAL::getDMAType()	0	static
../../Middlewares/ST/touchgfx/framework/include/touchgfx/hal/HAL.hpp:1086:18:virtual void touchgfx::HAL::InvalidateCache()	0	static
../../Middlewares/ST/touchgfx/framework/include/touchgfx/hal/HAL.hpp:1097:18:virtual void touchgfx::HAL::FlushCache()	0	static
Z:/touch_dest/Projects/gra3_animacja/TouchGFX/target/generated/TouchGFXGeneratedHAL.cpp:41:6:virtual void TouchGFXGeneratedHAL::configureInterrupts()	0	static
Z:/touch_dest/Projects/gra3_animacja/TouchGFX/target/generated/TouchGFXGeneratedHAL.cpp:46:6:virtual void TouchGFXGeneratedHAL::enableInterrupts()	0	static
Z:/touch_dest/Projects/gra3_animacja/TouchGFX/target/generated/TouchGFXGeneratedHAL.cpp:56:6:virtual void TouchGFXGeneratedHAL::enableLCDControllerInterrupt()	0	static
Z:/touch_dest/Projects/gra3_animacja/TouchGFX/target/generated/TouchGFXGeneratedHAL.cpp:67:11:virtual uint16_t* TouchGFXGeneratedHAL::getTFTFrameBuffer() const	0	static
Z:/touch_dest/Projects/gra3_animacja/TouchGFX/target/generated/TouchGFXGeneratedHAL.cpp:73:6:virtual void TouchGFXGeneratedHAL::setTFTFrameBuffer(uint16_t*)	0	static
../../TouchGFX/target/generated/TouchGFXGeneratedHAL.hpp:28:7:TouchGFXGeneratedHAL::~TouchGFXGeneratedHAL()	0	static
Z:/touch_dest/Projects/gra3_animacja/TouchGFX/target/generated/TouchGFXGeneratedHAL.cpp:78:6:virtual void TouchGFXGeneratedHAL::flushFrameBuffer(const touchgfx::Rect&)	0	static
../../Middlewares/ST/touchgfx/framework/include/touchgfx/hal/HAL.hpp:538:18:virtual void touchgfx::HAL::backPorchExited()	8	static
../../TouchGFX/target/generated/TouchGFXGeneratedHAL.hpp:103:18:virtual void TouchGFXGeneratedHAL::flushFrameBuffer()	0	static
../../TouchGFX/target/generated/TouchGFXGeneratedHAL.hpp:28:7:virtual TouchGFXGeneratedHAL::~TouchGFXGeneratedHAL()	8	static
../../Middlewares/ST/touchgfx/framework/include/touchgfx/hal/HAL.hpp:281:28:virtual touchgfx::BlitOperations touchgfx::HAL::getBlitCaps()	0	static
../../Middlewares/ST/touchgfx/framework/include/touchgfx/hal/HAL.hpp:1057:18:virtual void touchgfx::HAL::performDisplayOrientationChange()	12	static
../../Middlewares/ST/touchgfx/framework/include/touchgfx/hal/HAL.hpp:617:18:virtual void touchgfx::HAL::setFrameBufferStartAddresses(void*, void*, void*)	8	static
Z:/touch_dest/Projects/gra3_animacja/TouchGFX/target/generated/TouchGFXGeneratedHAL.cpp:51:6:virtual void TouchGFXGeneratedHAL::disableInterrupts()	0	static,ignoring_inline_asm
Z:/touch_dest/Projects/gra3_animacja/TouchGFX/target/generated/TouchGFXGeneratedHAL.cpp:26:6:void TouchGFXGeneratedHAL::initialize()	16	static
